// Jest Snapshot v1, https://goo.gl/fbAQLP

exports[`Home Component should render home component 1`] = `
<div>
  <div>
    <div>
      <div
        class="MuiBox-root css-8atqhb"
      >
        <span
          class="MuiLinearProgress-root MuiLinearProgress-colorPrimary MuiLinearProgress-indeterminate css-eglki6-MuiLinearProgress-root"
          role="progressbar"
        >
          <span
            class="MuiLinearProgress-bar MuiLinearProgress-barColorPrimary MuiLinearProgress-bar1Indeterminate css-5ir5xx-MuiLinearProgress-bar1"
          />
          <span
            class="MuiLinearProgress-bar MuiLinearProgress-barColorPrimary MuiLinearProgress-bar2Indeterminate css-1r8wrcl-MuiLinearProgress-bar2"
          />
        </span>
      </div>
    </div>
  </div>
</div>
`;
